src/App.tsx(2,38): error TS6133: 'Github' is declared but its value is never read.
src/App.tsx(2,46): error TS6133: 'Linkedin' is declared but its value is never read.
src/App.tsx(62,13): error TS2345: Argument of type '() => () => HTMLStyleElement' is not assignable to parameter of type 'EffectCallback'.
  Type '() => HTMLStyleElement' is not assignable to type 'void | Destructor'.
    Type '() => HTMLStyleElement' is not assignable to type 'Destructor'.
      Type 'HTMLStyleElement' is not assignable to type 'void | { [UNDEFINED_VOID_ONLY]: never; }'.
